Loading NCI-data-analysis/2026.07
  Loading requirement: openmpi/5.0.8 singularity
Job ID: 175818850.gadi-pbs
Host: gadi-cpu-spr-0631.gadi.nci.org.au
Inputs: 30
Workers: 30
FlowMOP settings: MAD factor 5; smoothing 0.01,0.05
Started: 2026-08-09T02:01:48+10:00
[2026-08-09T02:01:49+10:00] Starting A05A1_3565_bimix.fcs
[2026-08-09T02:01:49+10:00] Starting A3A1A05_502525_trimix.fcs
[2026-08-09T02:01:49+10:00] Starting C3C1_8020_bimix.fcs
[2026-08-09T02:01:49+10:00] Starting B1B3B05_504010_trimix.fcs
[2026-08-09T02:01:49+10:00] Starting C1C05_6040_bimix.fcs
[2026-08-09T02:01:49+10:00] Starting A1A3_6040_bimix.fcs
[2026-08-09T02:01:49+10:00] Starting A05A1A3_405010_trimix.fcs
[2026-08-09T02:01:49+10:00] Starting A3A1A05_305020_trimix.fcs
[2026-08-09T02:01:49+10:00] Starting A1A05A3_501535_trimix.fcs
[2026-08-09T02:01:49+10:00] Starting C3C1C05_107020_trimix.fcs
[2026-08-09T02:01:49+10:00] Starting B3B1_5050_bimix.fcs
[2026-08-09T02:01:49+10:00] Starting A1A3_5050_bimix.fcs
[2026-08-09T02:01:49+10:00] Starting B1B3_5545_bimix.fcs
[2026-08-09T02:01:49+10:00] Starting C1C3_1090_bimix.fcs
[2026-08-09T02:01:49+10:00] Starting A05A3_1585_bimix.fcs
[2026-08-09T02:01:49+10:00] Starting B1B3_1585_bimix.fcs
[2026-08-09T02:01:49+10:00] Starting A1A3A05_106525_trimix.fcs
[2026-08-09T02:01:49+10:00] Starting B1B05B3_103060_trimix.fcs
[2026-08-09T02:01:49+10:00] Starting C1C3C05_353530_trimix.fcs
[2026-08-09T02:01:49+10:00] Starting B1B3B05_651025_trimix.fcs
[2026-08-09T02:01:49+10:00] Starting B3B1_8020_segment.fcs
[2026-08-09T02:01:49+10:00] Starting B05B3_1090_segment.fcs
[2026-08-09T02:01:49+10:00] Starting B3B05_9010_segment.fcs
[2026-08-09T02:01:49+10:00] Starting C1C3_2575_segment.fcs
[2026-08-09T02:01:49+10:00] Starting C05C3_1585_segment.fcs
[2026-08-09T02:01:49+10:00] Starting A05A1_1090_segment.fcs
[2026-08-09T02:01:49+10:00] Starting A1A3_5545_segment.fcs
[2026-08-09T02:01:49+10:00] Starting B1B05_7525_segment.fcs
[2026-08-09T02:01:49+10:00] Starting B1B3_8515_segment.fcs
[2026-08-09T02:01:49+10:00] Starting C1C05_9010_segment.fcs
Preparing B3B1_8020_segment.fcs
Running FlowMOP B3B1_8020_segment_raw.fcs
Running FlowMOP B3B1_8020_segment_source_timewarp.fcs
Running FlowMOP B3B1_8020_segment_random_timewarp.fcs
Wrote mechanism benchmark outputs to /g/data/eu59/flowmop_fig2_corrected_20260808/results/rate_density_mechanism_mad5_001_005_v2/parts/B3B1_8020_segment
[2026-08-09T02:02:42+10:00] Completed B3B1_8020_segment.fcs
Preparing C1C3C05_353530_trimix.fcs
Running FlowMOP C1C3C05_353530_trimix_raw.fcs
Running FlowMOP C1C3C05_353530_trimix_source_timewarp.fcs
Running FlowMOP C1C3C05_353530_trimix_random_timewarp.fcs
Wrote mechanism benchmark outputs to /g/data/eu59/flowmop_fig2_corrected_20260808/results/rate_density_mechanism_mad5_001_005_v2/parts/C1C3C05_353530_trimix
[2026-08-09T02:02:42+10:00] Completed C1C3C05_353530_trimix.fcs
Preparing A1A3_5545_segment.fcs
Running FlowMOP A1A3_5545_segment_raw.fcs
Running FlowMOP A1A3_5545_segment_source_timewarp.fcs
Running FlowMOP A1A3_5545_segment_random_timewarp.fcs
Wrote mechanism benchmark outputs to /g/data/eu59/flowmop_fig2_corrected_20260808/results/rate_density_mechanism_mad5_001_005_v2/parts/A1A3_5545_segment
[2026-08-09T02:02:42+10:00] Completed A1A3_5545_segment.fcs
Preparing C05C3_1585_segment.fcs
Running FlowMOP C05C3_1585_segment_raw.fcs
Running FlowMOP C05C3_1585_segment_source_timewarp.fcs
Running FlowMOP C05C3_1585_segment_random_timewarp.fcs
Wrote mechanism benchmark outputs to /g/data/eu59/flowmop_fig2_corrected_20260808/results/rate_density_mechanism_mad5_001_005_v2/parts/C05C3_1585_segment
Preparing A05A1_1090_segment.fcs
Running FlowMOP A05A1_1090_segment_raw.fcs
Running FlowMOP A05A1_1090_segment_source_timewarp.fcs
Running FlowMOP A05A1_1090_segment_random_timewarp.fcs
Wrote mechanism benchmark outputs to /g/data/eu59/flowmop_fig2_corrected_20260808/results/rate_density_mechanism_mad5_001_005_v2/parts/A05A1_1090_segment
Preparing C1C3_1090_bimix.fcs
Running FlowMOP C1C3_1090_bimix_raw.fcs
Running FlowMOP C1C3_1090_bimix_source_timewarp.fcs
Running FlowMOP C1C3_1090_bimix_random_timewarp.fcs
Wrote mechanism benchmark outputs to /g/data/eu59/flowmop_fig2_corrected_20260808/results/rate_density_mechanism_mad5_001_005_v2/parts/C1C3_1090_bimix
Preparing C1C3_2575_segment.fcs
Running FlowMOP C1C3_2575_segment_raw.fcs
Running FlowMOP C1C3_2575_segment_source_timewarp.fcs
Running FlowMOP C1C3_2575_segment_random_timewarp.fcs
Wrote mechanism benchmark outputs to /g/data/eu59/flowmop_fig2_corrected_20260808/results/rate_density_mechanism_mad5_001_005_v2/parts/C1C3_2575_segment
Preparing B1B3_1585_bimix.fcs
Running FlowMOP B1B3_1585_bimix_raw.fcs
Running FlowMOP B1B3_1585_bimix_source_timewarp.fcs
Running FlowMOP B1B3_1585_bimix_random_timewarp.fcs
Wrote mechanism benchmark outputs to /g/data/eu59/flowmop_fig2_corrected_20260808/results/rate_density_mechanism_mad5_001_005_v2/parts/B1B3_1585_bimix
[2026-08-09T02:02:43+10:00] Completed C05C3_1585_segment.fcs
Preparing B05B3_1090_segment.fcs
Running FlowMOP B05B3_1090_segment_raw.fcs
Running FlowMOP B05B3_1090_segment_source_timewarp.fcs
Running FlowMOP B05B3_1090_segment_random_timewarp.fcs
Wrote mechanism benchmark outputs to /g/data/eu59/flowmop_fig2_corrected_20260808/results/rate_density_mechanism_mad5_001_005_v2/parts/B05B3_1090_segment
[2026-08-09T02:02:43+10:00] Completed C1C3_1090_bimix.fcs
[2026-08-09T02:02:43+10:00] Completed C1C3_2575_segment.fcs
[2026-08-09T02:02:43+10:00] Completed B1B3_1585_bimix.fcs
[2026-08-09T02:02:43+10:00] Completed A05A1_1090_segment.fcs
[2026-08-09T02:02:43+10:00] Completed B05B3_1090_segment.fcs
Preparing C3C1_8020_bimix.fcs
Running FlowMOP C3C1_8020_bimix_raw.fcs
Running FlowMOP C3C1_8020_bimix_source_timewarp.fcs
Running FlowMOP C3C1_8020_bimix_random_timewarp.fcs
Wrote mechanism benchmark outputs to /g/data/eu59/flowmop_fig2_corrected_20260808/results/rate_density_mechanism_mad5_001_005_v2/parts/C3C1_8020_bimix
Preparing B1B3_5545_bimix.fcs
Running FlowMOP B1B3_5545_bimix_raw.fcs
Running FlowMOP B1B3_5545_bimix_source_timewarp.fcs
Running FlowMOP B1B3_5545_bimix_random_timewarp.fcs
Wrote mechanism benchmark outputs to /g/data/eu59/flowmop_fig2_corrected_20260808/results/rate_density_mechanism_mad5_001_005_v2/parts/B1B3_5545_bimix
Preparing B1B05B3_103060_trimix.fcs
Running FlowMOP B1B05B3_103060_trimix_raw.fcs
Running FlowMOP B1B05B3_103060_trimix_source_timewarp.fcs
Running FlowMOP B1B05B3_103060_trimix_random_timewarp.fcs
Wrote mechanism benchmark outputs to /g/data/eu59/flowmop_fig2_corrected_20260808/results/rate_density_mechanism_mad5_001_005_v2/parts/B1B05B3_103060_trimix
Preparing A3A1A05_502525_trimix.fcs
Running FlowMOP A3A1A05_502525_trimix_raw.fcs
Running FlowMOP A3A1A05_502525_trimix_source_timewarp.fcs
Running FlowMOP A3A1A05_502525_trimix_random_timewarp.fcs
Wrote mechanism benchmark outputs to /g/data/eu59/flowmop_fig2_corrected_20260808/results/rate_density_mechanism_mad5_001_005_v2/parts/A3A1A05_502525_trimix
[2026-08-09T02:02:43+10:00] Completed C3C1_8020_bimix.fcs
Preparing B1B3_8515_segment.fcs
Running FlowMOP B1B3_8515_segment_raw.fcs
Running FlowMOP B1B3_8515_segment_source_timewarp.fcs
Running FlowMOP B1B3_8515_segment_random_timewarp.fcs
Wrote mechanism benchmark outputs to /g/data/eu59/flowmop_fig2_corrected_20260808/results/rate_density_mechanism_mad5_001_005_v2/parts/B1B3_8515_segment
Preparing C1C05_6040_bimix.fcs
Running FlowMOP C1C05_6040_bimix_raw.fcs
Running FlowMOP C1C05_6040_bimix_source_timewarp.fcs
Running FlowMOP C1C05_6040_bimix_random_timewarp.fcs
Wrote mechanism benchmark outputs to /g/data/eu59/flowmop_fig2_corrected_20260808/results/rate_density_mechanism_mad5_001_005_v2/parts/C1C05_6040_bimix
Preparing A1A3_6040_bimix.fcs
Running FlowMOP A1A3_6040_bimix_raw.fcs
Running FlowMOP A1A3_6040_bimix_source_timewarp.fcs
Running FlowMOP A1A3_6040_bimix_random_timewarp.fcs
Wrote mechanism benchmark outputs to /g/data/eu59/flowmop_fig2_corrected_20260808/results/rate_density_mechanism_mad5_001_005_v2/parts/A1A3_6040_bimix
Preparing A05A1A3_405010_trimix.fcs
Running FlowMOP A05A1A3_405010_trimix_raw.fcs
Running FlowMOP A05A1A3_405010_trimix_source_timewarp.fcs
Running FlowMOP A05A1A3_405010_trimix_random_timewarp.fcs
Wrote mechanism benchmark outputs to /g/data/eu59/flowmop_fig2_corrected_20260808/results/rate_density_mechanism_mad5_001_005_v2/parts/A05A1A3_405010_trimix
[2026-08-09T02:02:44+10:00] Completed B1B3_5545_bimix.fcs
[2026-08-09T02:02:44+10:00] Completed A3A1A05_502525_trimix.fcs
[2026-08-09T02:02:44+10:00] Completed B1B05B3_103060_trimix.fcs
Preparing B3B05_9010_segment.fcs
Running FlowMOP B3B05_9010_segment_raw.fcs
Running FlowMOP B3B05_9010_segment_source_timewarp.fcs
Running FlowMOP B3B05_9010_segment_random_timewarp.fcs
Wrote mechanism benchmark outputs to /g/data/eu59/flowmop_fig2_corrected_20260808/results/rate_density_mechanism_mad5_001_005_v2/parts/B3B05_9010_segment
[2026-08-09T02:02:44+10:00] Completed C1C05_6040_bimix.fcs
[2026-08-09T02:02:44+10:00] Completed B1B3_8515_segment.fcs
Preparing A05A3_1585_bimix.fcs
Running FlowMOP A05A3_1585_bimix_raw.fcs
Running FlowMOP A05A3_1585_bimix_source_timewarp.fcs
Running FlowMOP A05A3_1585_bimix_random_timewarp.fcs
Wrote mechanism benchmark outputs to /g/data/eu59/flowmop_fig2_corrected_20260808/results/rate_density_mechanism_mad5_001_005_v2/parts/A05A3_1585_bimix
[2026-08-09T02:02:44+10:00] Completed A1A3_6040_bimix.fcs
Preparing B1B3B05_504010_trimix.fcs
Running FlowMOP B1B3B05_504010_trimix_raw.fcs
Running FlowMOP B1B3B05_504010_trimix_source_timewarp.fcs
Running FlowMOP B1B3B05_504010_trimix_random_timewarp.fcs
Wrote mechanism benchmark outputs to /g/data/eu59/flowmop_fig2_corrected_20260808/results/rate_density_mechanism_mad5_001_005_v2/parts/B1B3B05_504010_trimix
[2026-08-09T02:02:44+10:00] Completed A05A1A3_405010_trimix.fcs
[2026-08-09T02:02:44+10:00] Completed B3B05_9010_segment.fcs
Preparing A3A1A05_305020_trimix.fcs
Running FlowMOP A3A1A05_305020_trimix_raw.fcs
Running FlowMOP A3A1A05_305020_trimix_source_timewarp.fcs
Running FlowMOP A3A1A05_305020_trimix_random_timewarp.fcs
Wrote mechanism benchmark outputs to /g/data/eu59/flowmop_fig2_corrected_20260808/results/rate_density_mechanism_mad5_001_005_v2/parts/A3A1A05_305020_trimix
Preparing C1C05_9010_segment.fcs
Running FlowMOP C1C05_9010_segment_raw.fcs
Running FlowMOP C1C05_9010_segment_source_timewarp.fcs
Running FlowMOP C1C05_9010_segment_random_timewarp.fcs
Wrote mechanism benchmark outputs to /g/data/eu59/flowmop_fig2_corrected_20260808/results/rate_density_mechanism_mad5_001_005_v2/parts/C1C05_9010_segment
[2026-08-09T02:02:44+10:00] Completed A05A3_1585_bimix.fcs
Preparing B1B3B05_651025_trimix.fcs
Running FlowMOP B1B3B05_651025_trimix_raw.fcs
Running FlowMOP B1B3B05_651025_trimix_source_timewarp.fcs
Running FlowMOP B1B3B05_651025_trimix_random_timewarp.fcs
Wrote mechanism benchmark outputs to /g/data/eu59/flowmop_fig2_corrected_20260808/results/rate_density_mechanism_mad5_001_005_v2/parts/B1B3B05_651025_trimix
[2026-08-09T02:02:44+10:00] Completed B1B3B05_504010_trimix.fcs
Preparing B1B05_7525_segment.fcs
Running FlowMOP B1B05_7525_segment_raw.fcs
Running FlowMOP B1B05_7525_segment_source_timewarp.fcs
Running FlowMOP B1B05_7525_segment_random_timewarp.fcs
Wrote mechanism benchmark outputs to /g/data/eu59/flowmop_fig2_corrected_20260808/results/rate_density_mechanism_mad5_001_005_v2/parts/B1B05_7525_segment
Preparing C3C1C05_107020_trimix.fcs
Running FlowMOP C3C1C05_107020_trimix_raw.fcs
Running FlowMOP C3C1C05_107020_trimix_source_timewarp.fcs
Running FlowMOP C3C1C05_107020_trimix_random_timewarp.fcs
Wrote mechanism benchmark outputs to /g/data/eu59/flowmop_fig2_corrected_20260808/results/rate_density_mechanism_mad5_001_005_v2/parts/C3C1C05_107020_trimix
Preparing B3B1_5050_bimix.fcs
Running FlowMOP B3B1_5050_bimix_raw.fcs
Running FlowMOP B3B1_5050_bimix_source_timewarp.fcs
Running FlowMOP B3B1_5050_bimix_random_timewarp.fcs
Wrote mechanism benchmark outputs to /g/data/eu59/flowmop_fig2_corrected_20260808/results/rate_density_mechanism_mad5_001_005_v2/parts/B3B1_5050_bimix
[2026-08-09T02:02:44+10:00] Completed A3A1A05_305020_trimix.fcs
Preparing A1A05A3_501535_trimix.fcs
Running FlowMOP A1A05A3_501535_trimix_raw.fcs
Running FlowMOP A1A05A3_501535_trimix_source_timewarp.fcs
Running FlowMOP A1A05A3_501535_trimix_random_timewarp.fcs
Wrote mechanism benchmark outputs to /g/data/eu59/flowmop_fig2_corrected_20260808/results/rate_density_mechanism_mad5_001_005_v2/parts/A1A05A3_501535_trimix
[2026-08-09T02:02:44+10:00] Completed C1C05_9010_segment.fcs
[2026-08-09T02:02:44+10:00] Completed B1B3B05_651025_trimix.fcs
[2026-08-09T02:02:44+10:00] Completed B1B05_7525_segment.fcs
[2026-08-09T02:02:44+10:00] Completed B3B1_5050_bimix.fcs
[2026-08-09T02:02:44+10:00] Completed C3C1C05_107020_trimix.fcs
[2026-08-09T02:02:44+10:00] Completed A1A05A3_501535_trimix.fcs
Preparing A05A1_3565_bimix.fcs
Running FlowMOP A05A1_3565_bimix_raw.fcs
Running FlowMOP A05A1_3565_bimix_source_timewarp.fcs
Running FlowMOP A05A1_3565_bimix_random_timewarp.fcs
Wrote mechanism benchmark outputs to /g/data/eu59/flowmop_fig2_corrected_20260808/results/rate_density_mechanism_mad5_001_005_v2/parts/A05A1_3565_bimix
Preparing A1A3A05_106525_trimix.fcs
Running FlowMOP A1A3A05_106525_trimix_raw.fcs
Running FlowMOP A1A3A05_106525_trimix_source_timewarp.fcs
Running FlowMOP A1A3A05_106525_trimix_random_timewarp.fcs
Wrote mechanism benchmark outputs to /g/data/eu59/flowmop_fig2_corrected_20260808/results/rate_density_mechanism_mad5_001_005_v2/parts/A1A3A05_106525_trimix
Preparing A1A3_5050_bimix.fcs
Running FlowMOP A1A3_5050_bimix_raw.fcs
Running FlowMOP A1A3_5050_bimix_source_timewarp.fcs
Running FlowMOP A1A3_5050_bimix_random_timewarp.fcs
Wrote mechanism benchmark outputs to /g/data/eu59/flowmop_fig2_corrected_20260808/results/rate_density_mechanism_mad5_001_005_v2/parts/A1A3_5050_bimix
[2026-08-09T02:02:44+10:00] Completed A1A3A05_106525_trimix.fcs
[2026-08-09T02:02:44+10:00] Completed A05A1_3565_bimix.fcs
[2026-08-09T02:02:45+10:00] Completed A1A3_5050_bimix.fcs
Completed: 2026-08-09T02:02:45+10:00

======================================================================================
                  Resource Usage on 2026-08-09 02:02:48:
   Job Id:             175818850.gadi-pbs
   Project:            eu59
   Exit Status:        0
   Service Units:      10.05
   NCPUs Requested:    104                 CPU Time Used: 00:23:13
   Memory Requested:   500.0GB               Memory Used: 54.45GB
   Walltime Requested: 01:00:00            Walltime Used: 00:00:58
   JobFS Requested:    400.0GB                JobFS Used: 689.0B
======================================================================================
